This is pdfTeX, Version 3.141592653-2.6-1.40.29 (MiKTeX 26.5) (preloaded format=pdflatex 2026.8.13)  14 SEP 2026 20:08
entering extended mode
 restricted \write18 enabled.
 %&-line parsing enabled.
**./figure.tex
(figure.tex
LaTeX2e <2026-06-01>
L3 programming layer <2026-07-20>
(C:\mik\tex/latex/base\article.cls
Document Class: article 2025/01/22 v1.4n Standard LaTeX document class
(C:\mik\tex/latex/base\size10.clo
File: size10.clo 2025/01/22 v1.4n Standard LaTeX file (size option)
)
\c@part=\count276
\c@section=\count277
\c@subsection=\count278
\c@subsubsection=\count279
\c@paragraph=\count280
\c@subparagraph=\count281
\c@figure=\count282
\c@table=\count283
\abovecaptionskip=\skip49
\belowcaptionskip=\skip50
\bibindent=\dimen150
) (C:\mik\tex/latex/graphics\graphicx.sty
Package: graphicx 2026-05-17 v1.2e Enhanced LaTeX Graphics (DPC,SPQR)

(C:\mik\tex/latex/graphics\keyval.sty
Package: keyval 2026-05-17 v1.15 key=value parser (DPC)
\KV@toks@=\toks17
) (C:\mik\tex/latex/graphics\graphics.sty
Package: graphics 2026-05-17 v1.4h Standard LaTeX Graphics (DPC,SPQR)

(C:\mik\tex/latex/graphics\trig.sty
Package: trig 2023/12/02 v1.11 sin cos tan (DPC)
)
(C:\mik\tex/latex/graphics-cfg\graphics.cfg
File: graphics.cfg 2016/06/04 v1.11 sample graphics configuration
)
Package graphics Info: Driver file: pdftex.def on input line 106.

(C:\mik\tex/latex/graphics-def\pdftex.def
File: pdftex.def 2025/09/29 v1.2d Graphics/color driver for pdftex
))
\Gin@req@height=\dimen151
\Gin@req@width=\dimen152
)
(C:\mik\tex/latex/l3backend\l3backend-pdftex.def
File: l3backend-pdftex.def 2026-07-20 L3 backend support: PDF output (pdfTeX)
\l__color_backend_stack_int=\count284
) (figure.aux)
\openout1 = `figure.aux'.

LaTeX Font Info:    Checking defaults for OML/cmm/m/it on input line 5.
LaTeX Font Info:    ... okay on input line 5.
LaTeX Font Info:    Checking defaults for OMS/cmsy/m/n on input line 5.
LaTeX Font Info:    ... okay on input line 5.
LaTeX Font Info:    Checking defaults for OT1/cmr/m/n on input line 5.
LaTeX Font Info:    ... okay on input line 5.
LaTeX Font Info:    Checking defaults for T1/cmr/m/n on input line 5.
LaTeX Font Info:    ... okay on input line 5.
LaTeX Font Info:    Checking defaults for TS1/cmr/m/n on input line 5.
LaTeX Font Info:    ... okay on input line 5.
LaTeX Font Info:    Checking defaults for OMX/cmex/m/n on input line 5.
LaTeX Font Info:    ... okay on input line 5.
LaTeX Font Info:    Checking defaults for U/cmr/m/n on input line 5.
LaTeX Font Info:    ... okay on input line 5.

(C:\mik\tex/context/base/mkii\supp-pdf.mkii
[Loading MPS to PDF converter (version 2006.09.02).]
\scratchcounter=\count285
\scratchdimen=\dimen153
\scratchbox=\box53
\nofMPsegments=\count286
\nofMParguments=\count287
\everyMPshowfont=\toks18
\MPscratchCnt=\count288
\MPscratchDim=\dimen154
\MPnumerator=\count289
\makeMPintoPDFobject=\count290
\everyMPtoPDFconversion=\toks19
) (C:\mik\tex/latex/epstopdf-pkg\epstopdf-base.sty
Package: epstopdf-base 2020-01-24 v2.11 Base part for package epstopdf
Package epstopdf-base Info: Redefining graphics rule for `.eps' on input line 4
85.

(C:\mik\tex/latex/00miktex\epstopdf-sys.cfg
File: epstopdf-sys.cfg 2021/03/18 v2.0 Configuration of epstopdf for MiKTeX
))
<flower.jpg, id=1, 415.5525pt x 264.99pt>
File: flower.jpg Graphic file (type jpg)
<use flower.jpg>
Package pdftex.def Info: flower.jpg  used on input line 13.
(pdftex.def)             Requested size: 172.5pt x 110.00114pt.
<flow.jpg, id=2, 1201.48875pt x 1309.89375pt>
File: flow.jpg Graphic file (type jpg)
<use flow.jpg>
Package pdftex.def Info: flow.jpg  used on input line 24.
(pdftex.def)             Requested size: 172.5pt x 188.06091pt.
File: flower.jpg Graphic file (type jpg)
<use flower.jpg>
Package pdftex.def Info: flower.jpg  used on input line 33.
(pdftex.def)             Requested size: 172.5pt x 110.00114pt.
File: flower.jpg Graphic file (type jpg)
<use flower.jpg>
Package pdftex.def Info: flower.jpg  used on input line 40.
(pdftex.def)             Requested size: 207.77574pt x 132.49467pt.
File: flower.jpg Graphic file (type jpg)
<use flower.jpg>
Package pdftex.def Info: flower.jpg  used on input line 46.
(pdftex.def)             Requested size: 415.55148pt x 264.98935pt.
 [1{C:/Users/koust/AppData/Local/MiKTeX/fonts/map/pdftex/pdftex.map}

 <./flower.jpg> <./flow.jpg>] [2] [3]
(figure.aux)
 ***********
LaTeX2e <2026-06-01>
L3 programming layer <2026-07-20>
 ***********
 ) 
Here is how much of TeX's memory you used:
 1290 strings out of 467501
 20110 string characters out of 5426904
 438380 words of memory out of 5000000
 30583 multiletter control sequences out of 15000+600000
 628326 words of font info for 42 fonts, out of 8000000 for 9000
 1141 hyphenation exceptions out of 8191
 57i,8n,65p,185b,234s stack positions out of 10000i,1000n,20000p,200000b,200000s
<C:/mik/fonts/type1/public/amsfonts/cm/cmbx12.pfb><C:/mik/fonts/type1/public/
amsfonts/cm/cmr10.pfb>
Output written on figure.pdf (3 pages, 247456 bytes).
PDF statistics:
 24 PDF objects out of 1000 (max. 8388607)
 0 named destinations out of 1000 (max. 500000)
 11 words of extra memory for PDF output out of 10000 (max. 10000000)

