This is pdfTeX, Version 3.141592653-2.6-1.40.29 (MiKTeX 26.5) (preloaded format=pdflatex 2026.8.13)  20 SEP 2026 01:20
entering extended mode
 restricted \write18 enabled.
 %&-line parsing enabled.
**./practice1and2.tex
(practice1and2.tex
LaTeX2e <2026-06-01>
L3 programming layer <2026-07-20>
(C:\mik\tex/latex/base\article.cls
Document Class: article 2025/01/22 v1.4n Standard LaTeX document class
(C:\mik\tex/latex/base\size10.clo
File: size10.clo 2025/01/22 v1.4n Standard LaTeX file (size option)
)
\c@part=\count276
\c@section=\count277
\c@subsection=\count278
\c@subsubsection=\count279
\c@paragraph=\count280
\c@subparagraph=\count281
\c@figure=\count282
\c@table=\count283
\abovecaptionskip=\skip49
\belowcaptionskip=\skip50
\bibindent=\dimen150
) (C:\mik\tex/latex/xcolor\xcolor.sty
Package: xcolor 2024/09/29 v3.02 LaTeX color extensions (UK)

(C:\mik\tex/latex/graphics-cfg\color.cfg
File: color.cfg 2016/01/02 v1.6 sample color configuration
)
Package xcolor Info: Driver file: pdftex.def on input line 274.

(C:\mik\tex/latex/graphics-def\pdftex.def
File: pdftex.def 2025/09/29 v1.2d Graphics/color driver for pdftex
)
(C:\mik\tex/latex/graphics\mathcolor.ltx)
Package xcolor Info: Model `cmy' substituted by `cmy0' on input line 1349.
Package xcolor Info: Model `hsb' substituted by `rgb' on input line 1353.
Package xcolor Info: Model `RGB' extended on input line 1365.
Package xcolor Info: Model `HTML' substituted by `rgb' on input line 1367.
Package xcolor Info: Model `Hsb' substituted by `hsb' on input line 1368.
Package xcolor Info: Model `tHsb' substituted by `hsb' on input line 1369.
Package xcolor Info: Model `HSB' substituted by `hsb' on input line 1370.
Package xcolor Info: Model `Gray' substituted by `gray' on input line 1371.
Package xcolor Info: Model `wave' substituted by `hsb' on input line 1372.
)
(C:\mik\tex/latex/graphics\graphicx.sty
Package: graphicx 2026-05-17 v1.2e Enhanced LaTeX Graphics (DPC,SPQR)
 (C:\mik\tex/latex/graphics\keyval.sty
Package: keyval 2026-05-17 v1.15 key=value parser (DPC)
\KV@toks@=\toks17
)
(C:\mik\tex/latex/graphics\graphics.sty
Package: graphics 2026-05-17 v1.4h Standard LaTeX Graphics (DPC,SPQR)
 (C:\mik\tex/latex/graphics\trig.sty
Package: trig 2023/12/02 v1.11 sin cos tan (DPC)
)
(C:\mik\tex/latex/graphics-cfg\graphics.cfg
File: graphics.cfg 2016/06/04 v1.11 sample graphics configuration
)
Package graphics Info: Driver file: pdftex.def on input line 106.
)
\Gin@req@height=\dimen151
\Gin@req@width=\dimen152
)
(C:\mik\tex/latex/caption\subcaption.sty
Package: subcaption 2023/07/28 v1.6b Sub-captions (AR)
 (C:\mik\tex/latex/caption\caption.sty
Package: caption 2023/08/05 v3.6o Customizing captions (AR)

(C:\mik\tex/latex/caption\caption3.sty
Package: caption3 2023/07/31 v2.4d caption3 kernel (AR)
\caption@tempdima=\dimen153
\captionmargin=\dimen154
\caption@leftmargin=\dimen155
\caption@rightmargin=\dimen156
\caption@width=\dimen157
\caption@indent=\dimen158
\caption@parindent=\dimen159
\caption@hangindent=\dimen160
Package caption Info: Standard document class detected.
)
\c@caption@flags=\count284
\c@continuedfloat=\count285
)
Package caption Info: New subtype `subfigure' on input line 238.
\c@subfigure=\count286
Package caption Info: New subtype `subtable' on input line 238.
\c@subtable=\count287
) (C:\mik\tex/latex/wrapfig\wrapfig.sty
\wrapoverhang=\dimen161
\WF@size=\dimen162
\c@WF@wrappedlines=\count288
\WF@box=\box53
\WF@everypar=\toks18
Package: wrapfig 2003/01/31  v 3.6
) (C:\mik\tex/latex/booktabs\booktabs.sty
Package: booktabs 2020/01/12 v1.61803398 Publication quality tables
\heavyrulewidth=\dimen163
\lightrulewidth=\dimen164
\cmidrulewidth=\dimen165
\belowrulesep=\dimen166
\belowbottomsep=\dimen167
\aboverulesep=\dimen168
\abovetopsep=\dimen169
\cmidrulesep=\dimen170
\cmidrulekern=\dimen171
\defaultaddspace=\dimen172
\@cmidla=\count289
\@cmidlb=\count290
\@aboverulesep=\dimen173
\@belowrulesep=\dimen174
\@thisruleclass=\count291
\@lastruleclass=\count292
\@thisrulewidth=\dimen175
)
(C:\mik\tex/latex/multirow\multirow.sty
Package: multirow 2024/11/12 v2.9 Span multiple rows of a table
\multirow@colwidth=\skip51
\multirow@cntb=\count293
\multirow@dima=\skip52
\bigstrutjot=\dimen176
)
(C:\mik\tex/latex/colortbl\colortbl.sty
Package: colortbl 2026/05/01 v1.0l Color table columns (DPC)
 (C:\mik\tex/latex/tools\array.sty
Package: array 2026/02/24 v2.7b Tabular extension package (FMi)
\col@sep=\dimen177
\ar@mcellbox=\box54
\extrarowheight=\dimen178
\NC@list=\toks19
\extratabsurround=\skip53
\backup@length=\skip54
\ar@cellbox=\box55
)
new hooks used!!
\minrowclearance=\skip55
\rownum=\count294
) (C:\mik\tex/latex/tools\longtable.sty
Package: longtable 2026-01-28 v4.27 Multi-page Table package (DPC)
\LTleft=\skip56
\LTright=\skip57
\LTpre=\skip58
\LTpost=\skip59
\LTchunksize=\count295
\LTcapwidth=\dimen179
\LT@head=\box56
\LT@firsthead=\box57
\LT@foot=\box58
\LT@lastfoot=\box59
\LT@gbox=\box60
\LT@cols=\count296
\LT@rows=\count297
\c@LT@tables=\count298
\c@LT@chunks=\count299
\LT@p@ftn=\toks20
)
(C:\mik\tex/latex/l3backend\l3backend-pdftex.def
File: l3backend-pdftex.def 2026-07-20 L3 backend support: PDF output (pdfTeX)
\l__color_backend_stack_int=\count300
) (practice1and2.aux

LaTeX Warning: Label `tab:marks' multiply defined.

)
\openout1 = `practice1and2.aux'.

LaTeX Font Info:    Checking defaults for OML/cmm/m/it on input line 12.
LaTeX Font Info:    ... okay on input line 12.
LaTeX Font Info:    Checking defaults for OMS/cmsy/m/n on input line 12.
LaTeX Font Info:    ... okay on input line 12.
LaTeX Font Info:    Checking defaults for OT1/cmr/m/n on input line 12.
LaTeX Font Info:    ... okay on input line 12.
LaTeX Font Info:    Checking defaults for T1/cmr/m/n on input line 12.
LaTeX Font Info:    ... okay on input line 12.
LaTeX Font Info:    Checking defaults for TS1/cmr/m/n on input line 12.
LaTeX Font Info:    ... okay on input line 12.
LaTeX Font Info:    Checking defaults for OMX/cmex/m/n on input line 12.
LaTeX Font Info:    ... okay on input line 12.
LaTeX Font Info:    Checking defaults for U/cmr/m/n on input line 12.
LaTeX Font Info:    ... okay on input line 12.
 (C:\mik\tex/context/base/mkii\supp-pdf.mkii
[Loading MPS to PDF converter (version 2006.09.02).]
\scratchcounter=\count301
\scratchdimen=\dimen180
\scratchbox=\box61
\nofMPsegments=\count302
\nofMParguments=\count303
\everyMPshowfont=\toks21
\MPscratchCnt=\count304
\MPscratchDim=\dimen181
\MPnumerator=\count305
\makeMPintoPDFobject=\count306
\everyMPtoPDFconversion=\toks22
) (C:\mik\tex/latex/epstopdf-pkg\epstopdf-base.sty
Package: epstopdf-base 2020-01-24 v2.11 Base part for package epstopdf
Package epstopdf-base Info: Redefining graphics rule for `.eps' on input line 4
85.

(C:\mik\tex/latex/00miktex\epstopdf-sys.cfg
File: epstopdf-sys.cfg 2021/03/18 v2.0 Configuration of epstopdf for MiKTeX
))
Package caption Info: Begin \AtBeginDocument code.
Package caption Info: longtable package is loaded.

(C:\mik\tex/latex/caption\ltcaption.sty
Package: ltcaption 2021/01/08 v1.4c longtable captions (AR)
)
Package caption Info: wrapfig package is loaded.
Package caption Info: End \AtBeginDocument code.


LaTeX Warning: No \author given.

LaTeX Font Info:    External font `cmex10' loaded for size
(Font)              <7> on input line 18.
LaTeX Font Info:    External font `cmex10' loaded for size
(Font)              <5> on input line 18.

Overfull \hbox (100.67215pt too wide) in paragraph at lines 22--25
\OT1/cmr/m/n/10 porta-tion. [][][][][][] 
 []


Overfull \hbox (59.60625pt too wide) in paragraph at lines 26--29
[][][][]
 []

[1

{C:/Users/koust/AppData/Local/MiKTeX/fonts/map/pdftex/pdftex.map}]
<flower.jpg, id=13, 415.5525pt x 264.99pt>
File: flower.jpg Graphic file (type jpg)
<use flower.jpg>
Package pdftex.def Info: flower.jpg  used on input line 60.
(pdftex.def)             Requested size: 345.0pt x 220.01038pt.
File: flower.jpg Graphic file (type jpg)
<use flower.jpg>
Package pdftex.def Info: flower.jpg  used on input line 67.
(pdftex.def)             Requested size: 415.55148pt x 264.98935pt.

Overfull \hbox (136.20515pt too wide) in paragraph at lines 67--68
 [][] 
 []

File: flower.jpg Graphic file (type jpg)
<use flower.jpg>
Package pdftex.def Info: flower.jpg  used on input line 73.
(pdftex.def)             Requested size: 415.55148pt x 264.98935pt.
<flow.jpg, id=14, 1201.48875pt x 1309.89375pt>
File: flow.jpg Graphic file (type jpg)
<use flow.jpg>
Package pdftex.def Info: flow.jpg  used on input line 81.
(pdftex.def)             Requested size: 155.24895pt x 169.25282pt.
File: flower.jpg Graphic file (type jpg)
<use flower.jpg>
Package pdftex.def Info: flower.jpg  used on input line 87.
(pdftex.def)             Requested size: 155.24895pt x 98.99901pt.
<figure2.jpg, id=15, 301.125pt x 376.40625pt>
File: figure2.jpg Graphic file (type jpg)
<use figure2.jpg>
Package pdftex.def Info: figure2.jpg  used on input line 93.
(pdftex.def)             Requested size: 155.24895pt x 194.06676pt.
<1.jpeg, id=16, 1090.0725pt x 1453.43pt>
File: 1.jpeg Graphic file (type jpg)
<use 1.jpeg>
Package pdftex.def Info: 1.jpeg  used on input line 99.
(pdftex.def)             Requested size: 155.24895pt x 206.98286pt.
File: flower.jpg Graphic file (type jpg)
<use flower.jpg>
Package pdftex.def Info: flower.jpg  used on input line 107.
(pdftex.def)             Requested size: 103.50105pt x 66.00069pt.
[2 <./flower.jpg>] [3] [4] [5 <./flow.jpg> <./figure2.jpg> <./1.jpeg (PNG copy)
>]
File: flow.jpg Graphic file (type jpg)
<use flow.jpg>
Package pdftex.def Info: flow.jpg  used on input line 122.
(pdftex.def)             Requested size: 165.00168pt x 179.8861pt.

Overfull \hbox (9.75273pt too wide) in paragraph at lines 122--123
 [][] 
 []

File: flower.jpg Graphic file (type jpg)
<use flower.jpg>
Package pdftex.def Info: flower.jpg  used on input line 135.
(pdftex.def)             Requested size: 155.24895pt x 98.99901pt.
File: flower.jpg Graphic file (type jpg)
<use flower.jpg>
Package pdftex.def Info: flower.jpg  used on input line 141.
(pdftex.def)             Requested size: 155.24895pt x 98.99901pt.
File: flower.jpg Graphic file (type jpg)
<use flower.jpg>
Package pdftex.def Info: flower.jpg  used on input line 151.
(pdftex.def)             Requested size: 155.24895pt x 98.99901pt.
File: flower.jpg Graphic file (type jpg)
<use flower.jpg>
Package pdftex.def Info: flower.jpg  used on input line 157.
(pdftex.def)             Requested size: 155.24895pt x 98.99901pt.

LaTeX Warning: `h' float specifier changed to `ht'.

File: flower.jpg Graphic file (type jpg)
<use flower.jpg>
Package pdftex.def Info: flower.jpg  used on input line 176.
(pdftex.def)             Requested size: 310.4979pt x 198.0061pt.

LaTeX Warning: `h' float specifier changed to `ht'.

File: flower.jpg Graphic file (type jpg)
<use flower.jpg>
Package pdftex.def Info: flower.jpg  used on input line 192.
(pdftex.def)             Requested size: 155.24895pt x 98.99901pt.
File: flower.jpg Graphic file (type jpg)
<use flower.jpg>
Package pdftex.def Info: flower.jpg  used on input line 198.
(pdftex.def)             Requested size: 155.24895pt x 98.99901pt.

LaTeX Warning: `h' float specifier changed to `ht'.

File: flower.jpg Graphic file (type jpg)
<use flower.jpg>
Package pdftex.def Info: flower.jpg  used on input line 210.
(pdftex.def)             Requested size: 93.15147pt x 59.39778pt.
[6] [7]

LaTeX Warning: `h' float specifier changed to `ht'.


LaTeX Warning: `h' float specifier changed to `ht'.


LaTeX Warning: `h' float specifier changed to `ht'.

[8]

LaTeX Warning: `h' float specifier changed to `ht'.

[9] [10] (practice1and2.aux)
 ***********
LaTeX2e <2026-06-01>
L3 programming layer <2026-07-20>
 ***********


LaTeX Warning: There were multiply-defined labels.

 ) 
Here is how much of TeX's memory you used:
 3843 strings out of 467501
 64086 string characters out of 5426904
 494913 words of memory out of 5000000
 33088 multiletter control sequences out of 15000+600000
 630211 words of font info for 48 fonts, out of 8000000 for 9000
 1141 hyphenation exceptions out of 8191
 67i,10n,88p,620b,512s stack positions out of 10000i,1000n,20000p,200000b,200000s
 <C:\Users\koust\AppData\Local\MiKTeX\fonts/pk/ljfour/jknappen/ec/dpi600\tcrm
1000.pk><C:/mik/fonts/type1/public/amsfonts/cm/cmbx10.pfb><C:/mik/fonts/type1/p
ublic/amsfonts/cm/cmbx12.pfb><C:/mik/fonts/type1/public/amsfonts/cm/cmr10.pfb><
C:/mik/fonts/type1/public/amsfonts/cm/cmr12.pfb><C:/mik/fonts/type1/public/amsf
onts/cm/cmr17.pfb><C:/mik/fonts/type1/public/amsfonts/cm/cmr9.pfb><C:/mik/fonts
/type1/public/amsfonts/cm/cmti10.pfb>
Output written on practice1and2.pdf (10 pages, 2924965 bytes).
PDF statistics:
 80 PDF objects out of 1000 (max. 8388607)
 0 named destinations out of 1000 (max. 500000)
 21 words of extra memory for PDF output out of 10000 (max. 10000000)

