This is pdfTeX, Version 3.141592653-2.6-1.40.29 (MiKTeX 26.5) (preloaded format=pdflatex 2026.8.13)  13 SEP 2026 12:12
entering extended mode
 restricted \write18 enabled.
 %&-line parsing enabled.
**"./text emphasis.tex"
(text emphasis.tex
LaTeX2e <2026-06-01>
L3 programming layer <2026-07-20>
(C:\mik\tex/latex/base\article.cls
Document Class: article 2025/01/22 v1.4n Standard LaTeX document class
(C:\mik\tex/latex/base\size10.clo
File: size10.clo 2025/01/22 v1.4n Standard LaTeX file (size option)
)
\c@part=\count276
\c@section=\count277
\c@subsection=\count278
\c@subsubsection=\count279
\c@paragraph=\count280
\c@subparagraph=\count281
\c@figure=\count282
\c@table=\count283
\abovecaptionskip=\skip49
\belowcaptionskip=\skip50
\bibindent=\dimen150
)
(C:\mik\tex/latex/l3backend\l3backend-pdftex.def
File: l3backend-pdftex.def 2026-07-20 L3 backend support: PDF output (pdfTeX)
\l__color_backend_stack_int=\count284
) (text emphasis.aux)
\openout1 = `"text emphasis.aux"'.

LaTeX Font Info:    Checking defaults for OML/cmm/m/it on input line 2.
LaTeX Font Info:    ... okay on input line 2.
LaTeX Font Info:    Checking defaults for OMS/cmsy/m/n on input line 2.
LaTeX Font Info:    ... okay on input line 2.
LaTeX Font Info:    Checking defaults for OT1/cmr/m/n on input line 2.
LaTeX Font Info:    ... okay on input line 2.
LaTeX Font Info:    Checking defaults for T1/cmr/m/n on input line 2.
LaTeX Font Info:    ... okay on input line 2.
LaTeX Font Info:    Checking defaults for TS1/cmr/m/n on input line 2.
LaTeX Font Info:    ... okay on input line 2.
LaTeX Font Info:    Checking defaults for OMX/cmex/m/n on input line 2.
LaTeX Font Info:    ... okay on input line 2.
LaTeX Font Info:    Checking defaults for U/cmr/m/n on input line 2.
LaTeX Font Info:    ... okay on input line 2.
LaTeX Font Info:    External font `cmex10' loaded for size
(Font)              <7> on input line 7.
LaTeX Font Info:    External font `cmex10' loaded for size
(Font)              <5> on input line 7.
LaTeX Font Info:    External font `cmex10' loaded for size
(Font)              <8> on input line 26.
LaTeX Font Info:    External font `cmex10' loaded for size
(Font)              <6> on input line 26.
 [1

{C:/Users/koust/AppData/Local/MiKTeX/fonts/map/pdftex/pdftex.map}] (text emphas
is.aux)
 ***********
LaTeX2e <2026-06-01>
L3 programming layer <2026-07-20>
 ***********
 ) 
Here is how much of TeX's memory you used:
 465 strings out of 467501
 8360 string characters out of 5426904
 438380 words of memory out of 5000000
 29781 multiletter control sequences out of 15000+600000
 632034 words of font info for 54 fonts, out of 8000000 for 9000
 1141 hyphenation exceptions out of 8191
 35i,6n,38p,226b,153s stack positions out of 10000i,1000n,20000p,200000b,200000s
 <C:\Users\koust\AppData\Local\MiKTeX\fonts/pk/ljfour/jknappen/ec/dpi600\tcrm
1000.pk><C:/mik/fonts/type1/public/amsfonts/cm/cmbx10.pfb><C:/mik/fonts/type1/p
ublic/amsfonts/cm/cmbx12.pfb><C:/mik/fonts/type1/public/amsfonts/cm/cmr10.pfb><
C:/mik/fonts/type1/public/amsfonts/cm/cmr12.pfb><C:/mik/fonts/type1/public/amsf
onts/cm/cmr17.pfb><C:/mik/fonts/type1/public/amsfonts/cm/cmr6.pfb><C:/mik/fonts
/type1/public/amsfonts/cm/cmr7.pfb><C:/mik/fonts/type1/public/amsfonts/cm/cmr8.
pfb><C:/mik/fonts/type1/public/amsfonts/cm/cmr9.pfb><C:/mik/fonts/type1/public/
amsfonts/cm/cmti10.pfb>
Output written on "text emphasis.pdf" (1 page, 116957 bytes).
PDF statistics:
 61 PDF objects out of 1000 (max. 8388607)
 0 named destinations out of 1000 (max. 500000)
 1 words of extra memory for PDF output out of 10000 (max. 10000000)

